// Jest Snapshot v1, https://goo.gl/fbAQLP

exports[`App component 1. Rendered success 1`] = `
<div id="app">
  <modals-container-stub></modals-container-stub>
  <div class="container">
    <div class="headline">
      Todo builder
    </div>
    <router-view-stub></router-view-stub>
  </div>
</div>
`;
