// Jest Snapshot v1, https://goo.gl/fbAQLP

exports[`Button component 1. Rendered success 1`] = `
<div class=""><span></span>
  <!---->
</div>
`;
