// Jest Snapshot v1, https://goo.gl/fbAQLP

exports[`Home view 1. Rendered success 1`] = `
<div>
  <div>
    <div class=""><span>
      Add note
    </span>
      <div><svg width="24" height="24" viewbox="0 0 24 24">
          <path d="M4,9H9V4H15V9H20V15H15V20H9V15H4V9M11,13V18H13V13H18V11H13V6H11V11H6V13H11Z" fill="#fff"></path>
        </svg></div>
    </div>
  </div>
  <div></div>
</div>
`;
