// Jest Snapshot v1, https://goo.gl/fbAQLP

exports[`Icon component 1. Rendered success 1`] = `
<div>
  <!---->
</div>
`;
