// Jest Snapshot v1, https://goo.gl/fbAQLP

exports[`Note view 1. Rendered success 1`] = `
<div>
  <div>
    <div>

    </div>
    <div>
      <div class=""><span>
        Edit name
      </span>
        <div><svg width="24" height="24" viewbox="0 0 24 24">
            <path d="M14.06,9L15,9.94L5.92,19H5V18.08L14.06,9M17.66,3C17.41,3 17.15,3.1 16.96,3.29L15.13,5.12L18.88,8.87L20.71,7.04C21.1,6.65 21.1,6 20.71,5.63L18.37,3.29C18.17,3.09 17.92,3 17.66,3M14.06,6.19L3,17.25V21H6.75L17.81,9.94L14.06,6.19Z" fill="#14b6bd"></path>
          </svg></div>
      </div>
      <div class=""><span>
        Delete note
      </span>
        <div><svg width="24" height="24" viewbox="0 0 24 24">
            <path d="M6,19A2,2 0 0,0 8,21H16A2,2 0 0,0 18,19V7H6V19M8,9H16V19H8V9M15.5,4L14.5,3H9.5L8.5,4H5V6H19V4H15.5Z" fill="#14b6bd"></path>
          </svg></div>
      </div>
    </div>
  </div>
  <div>
    <div class=""><span>
      Add todo
    </span>
      <div><svg width="24" height="24" viewbox="0 0 24 24">
          <path d="M4,9H9V4H15V9H20V15H15V20H9V15H4V9M11,13V18H13V13H18V11H13V6H11V11H6V13H11Z" fill="#fff"></path>
        </svg></div>
    </div>
    <div></div>
  </div>
  <div>
    <div class=""><span>
      Cancel
    </span>
      <!---->
    </div>
    <div class=""><span>
      Save
    </span>
      <!---->
    </div>
  </div>
</div>
`;
